2026-06-25 15:09:56,832 P320 INFO Params: {
    "beta": "0.9",
    "clients_num_per_turn": "180",
    "data_dir": "/Users/jing/Documents/20260109/Experiments/FedPEFT-main/data/Amazon/",
    "dataloader": "AmazonDataLoaderFL",
    "dataset_id": "Amazon_instrument_t5",
    "device": "-1",
    "dropout": "0.5",
    "embedding_dim": "32",
    "embedding_regularizer": "1e-08",
    "eta_s": "1.0",
    "field": "Musical_Instruments",
    "g_hidden_activations": "ReLU",
    "g_hidden_units": "[512, 256, 128]",
    "hidden_activations": "ReLU",
    "hidden_units": "[64, 128, 64]",
    "item_num": "10620",
    "latent_dim": "4",
    "learning_rate": "0.01",
    "local_epoch": "2",
    "loss_fn": "bpr_loss",
    "meta_dir": "/Users/jing/Documents/20260109/Experiments/FedPEFT-main/data/Amazon/meta_processed/t5/",
    "metrics": "['logloss', 'MRR', 'NDCG(5)', 'HR(5)', 'NDCG(10)', 'HR(10)', 'NDCG(20)', 'HR(20)', 'NDCG(50)', 'HR(50)']",
    "model": "LoRA_MomA_FixedB",
    "model_dir": "/Users/jing/Documents/20260109/Experiments/FedPEFT-main/data/Amazon/model/t5/Musical_Instruments/",
    "model_id": "Instrument",
    "net_regularizer": "1e-08",
    "only_inter": "False",
    "optimizer": "adam",
    "output_dim": "1",
    "path": "/Users/jing/Documents/20260109/Experiments/FedPEFT-main/data/Amazon/graph/Musical_Instruments",
    "pre_epoch": "3000",
    "seed": "2024",
    "sen_embedding_dim": "768",
    "server_optimizer": "heavyball",
    "task": "triple",
    "train_turn": "1000",
    "user_num": "27530"
}
2026-06-25 15:10:12,263 P320 INFO [Server Optimizer] method=heavyball, beta=0.9, eta_s=1.0, adam_beta1=0.9, adam_beta2=0.99, adam_eps=1e-08
2026-06-25 15:10:12,334 P320 INFO Model embedding_item.emb.weight size: 0.16204834MB
2026-06-25 15:10:12,334 P320 INFO Model embedding_item.linear.weight size: 0.00048828MB
2026-06-25 15:10:12,334 P320 INFO Model embedding_p.weight size: 1.29638672MB
2026-06-25 15:10:12,334 P320 INFO Model mlp.mlp.0.weight size: 0.01562500MB
2026-06-25 15:10:12,334 P320 INFO Model mlp.mlp.0.bias size: 0.00024414MB
2026-06-25 15:10:12,334 P320 INFO Model mlp.mlp.3.weight size: 0.03125000MB
2026-06-25 15:10:12,334 P320 INFO Model mlp.mlp.3.bias size: 0.00048828MB
2026-06-25 15:10:12,334 P320 INFO Model mlp.mlp.6.weight size: 0.03125000MB
2026-06-25 15:10:12,334 P320 INFO Model mlp.mlp.6.bias size: 0.00024414MB
2026-06-25 15:10:12,334 P320 INFO Model mlp.mlp.9.weight size: 0.00024414MB
2026-06-25 15:10:12,334 P320 INFO Model mlp.mlp.9.bias size: 0.00000381MB
2026-06-25 15:10:12,336 P320 INFO Model all size: 1.53827286MB
